// Jest Snapshot v1, https://goo.gl/fbAQLP

exports[`renders default correctly 1`] = `
<div>
  Results
</div>
`;
